<html>
<body>
<pre>
<h1>µVision Build Log</h1>
<h2>Tool Versions:</h2>
IDE-Version: ¦ÌVision V5.33.0.0
Copyright (C) 2020 ARM Ltd and ARM Germany GmbH. All rights reserved.
License Information: 12 12, 12, LIC=UJWP0-B8X1Y-CXKU6-DMFK0-S34T8-9LMF6
 
Tool Versions:
Toolchain:       MDK-ARM Plus  Version: 5.33.0.0
Toolchain Path:  D:\keil5\ARM\ARMCC\Bin
C Compiler:      Armcc.exe V5.06 update 7 (build 960)
Assembler:       Armasm.exe V5.06 update 7 (build 960)
Linker/Locator:  ArmLink.exe V5.06 update 7 (build 960)
Library Manager: ArmAr.exe V5.06 update 7 (build 960)
Hex Converter:   FromElf.exe V5.06 update 7 (build 960)
CPU DLL:         SARMCM3.DLL V5.33.0.0
Dialog DLL:      DCM.DLL V1.17.3.0
Target DLL:      CMSIS_AGDI.dll V1.32.12.0
Dialog DLL:      TCM.DLL V1.48.0.0
 
<h2>Project:</h2>
E:\rtos_lvgl_machine\Projects\MDK-ARM\atk_f407.uvprojx
Project File Date:  05/25/2026

<h2>Output:</h2>
*** Using Compiler 'V5.06 update 7 (build 960)', folder: 'D:\keil5\ARM\ARMCC\Bin'
Rebuild target 'LVGL'
assembling startup_stm32f407xx.s...
compiling main.c...
compiling stm32f4xx_hal.c...
compiling stm32f4xx_it.c...
compiling system_stm32f4xx.c...
compiling sys.c...
compiling stm32f4xx_hal_gpio.c...
compiling stm32f4xx_hal_pwr.c...
compiling stm32f4xx_hal_uart.c...
compiling stm32f4xx_hal_pwr_ex.c...
compiling usart.c...
compiling stm32f4xx_hal_rtc_ex.c...
compiling stm32f4xx_hal_rcc_ex.c...
compiling stm32f4xx_hal_rcc.c...
compiling delay.c...
compiling stm32f4xx_hal_dma.c...
compiling stm32f4xx_hal_rtc.c...
compiling stm32f4xx_hal_cortex.c...
compiling stm32f4xx_hal_usart.c...
compiling machine_app.c...
compiling stm32f4xx_ll_fsmc.c...
compiling led.c...
compiling myiic.c...
compiling stm32f4xx_hal_flash_ex.c...
compiling stm32f4xx_hal_flash.c...
compiling btim.c...
compiling stm32f4xx_hal_sram.c...
compiling MyRTC.c...
compiling key.c...
compiling 24cxx.c...
compiling stm32f4xx_hal_dma_ex.c...
compiling ctiic.c...
compiling gt9xxx.c...
compiling stm32f4xx_hal_can.c...
compiling touch.c...
compiling ft5206.c...
compiling stm32f4xx_hal_tim_ex.c...
compiling lcd.c...
compiling stm32f4xx_hal_tim.c...
compiling lv_disp.c...
compiling lv_event.c...
compiling lv_group.c...
compiling lv_indev_scroll.c...
compiling lv_indev.c...
compiling lv_obj_class.c...
compiling lv_obj.c...
compiling lv_obj_draw.c...
compiling lv_obj_pos.c...
compiling lv_obj_style_gen.c...
compiling lv_obj_style.c...
compiling lv_obj_scroll.c...
compiling lv_obj_tree.c...
compiling lv_refr.c...
compiling lv_theme.c...
compiling lv_draw.c...
compiling lv_draw_arc.c...
compiling lv_draw_img.c...
compiling lv_draw_line.c...
compiling lv_draw_label.c...
compiling lv_draw_mask.c...
compiling lv_draw_triangle.c...
compiling lv_draw_rect.c...
compiling lv_img_cache.c...
compiling lv_img_buf.c...
compiling lv_draw_sw.c...
compiling lv_img_decoder.c...
compiling lv_draw_sw_arc.c...
compiling lv_draw_sw_dither.c...
compiling lv_draw_sw_blend.c...
compiling lv_draw_sw_gradient.c...
compiling lv_draw_sw_img.c...
compiling lv_draw_sw_letter.c...
compiling lv_draw_sw_polygon.c...
compiling lv_draw_sw_line.c...
compiling lv_extra.c...
compiling lv_flex.c...
compiling lv_draw_sw_rect.c...
compiling lv_gridnav.c...
compiling lv_grid.c...
compiling lv_snapshot.c...
compiling malloc.c...
compiling lv_monkey.c...
compiling lv_theme_basic.c...
compiling lv_calendar_header_arrow.c...
compiling lv_animimg.c...
compiling lv_calendar_header_dropdown.c...
compiling lv_theme_mono.c...
compiling lv_calendar.c...
compiling croutine.c...
compiling lv_theme_default.c...
compiling list.c...
compiling port.c...
compiling heap_4.c...
compiling lv_chart.c...
compiling lv_imgbtn.c...
compiling stream_buffer.c...
compiling event_groups.c...
compiling lv_colorwheel.c...
compiling queue.c...
compiling timers.c...
compiling tasks.c...
compiling lv_keyboard.c...
compiling lv_list.c...
compiling lv_led.c...
compiling lv_port_indev_template.c...
compiling lv_port_disp_template.c...
compiling lv_menu.c...
compiling lv_msgbox.c...
compiling lv_meter.c...
compiling lv_font.c...
compiling lv_spinbox.c...
compiling lv_tileview.c...
compiling lv_span.c...
compiling lv_spinner.c...
compiling lv_font_fmt_txt.c...
compiling lv_tabview.c...
compiling lv_win.c...
compiling lv_font_dejavu_16_persian_hebrew.c...
compiling lv_font_montserrat_8.c...
compiling lv_font_montserrat_10.c...
compiling lv_font_montserrat_12.c...
compiling lv_font_montserrat_12_subpx.c...
compiling lv_font_loader.c...
compiling lv_font_montserrat_18.c...
compiling lv_font_montserrat_20.c...
compiling lv_font_montserrat_16.c...
compiling lv_font_montserrat_22.c...
compiling lv_font_montserrat_14.c...
compiling lv_font_montserrat_24.c...
compiling lv_font_montserrat_28.c...
compiling lv_font_montserrat_28_compressed.c...
compiling lv_font_montserrat_30.c...
compiling lv_font_montserrat_26.c...
compiling lv_font_montserrat_36.c...
compiling lv_font_montserrat_34.c...
compiling lv_font_montserrat_38.c...
compiling lv_font_montserrat_32.c...
compiling lv_draw_sdl.c...
compiling lv_draw_sdl_arc.c...
compiling lv_gpu_stm32_dma2d.c...
compiling lv_font_montserrat_40.c...
compiling lv_draw_sdl_bg.c...
compiling lv_font_montserrat_44.c...
compiling lv_font_montserrat_42.c...
compiling lv_font_unscii_8.c...
compiling lv_font_montserrat_46.c...
compiling lv_font_montserrat_48.c...
compiling lv_font_unscii_16.c...
compiling lv_font_simsun_16_cjk.c...
compiling lv_draw_sdl_composite.c...
compiling lv_draw_sdl_img.c...
compiling lv_draw_sdl_label.c...
compiling lv_draw_sdl_mask.c...
compiling lv_draw_sdl_line.c...
compiling lv_draw_sdl_polygon.c...
compiling lv_draw_sdl_rect.c...
compiling lv_draw_sdl_texture_cache.c...
compiling lv_draw_sdl_stack_blur.c...
compiling lv_draw_sdl_utils.c...
compiling lv_anim.c...
compiling lv_anim_timeline.c...
compiling lv_area.c...
compiling lv_hal_indev.c...
compiling lv_hal_disp.c...
compiling lv_async.c...
compiling lv_bidi.c...
compiling lv_log.c...
compiling lv_color.c...
compiling lv_gc.c...
compiling lv_ll.c...
compiling lv_lru.c...
compiling lv_fs.c...
compiling lv_math.c...
compiling lv_style.c...
compiling lv_mem.c...
compiling lv_printf.c...
compiling lv_style_gen.c...
compiling lv_templ.c...
compiling lv_timer.c...
compiling lv_tlsf.c...
compiling lv_utils.c...
compiling lv_txt_ap.c...
compiling lv_txt.c...
compiling lv_btn.c...
compiling lv_arc.c...
compiling lv_bar.c...
compiling lv_checkbox.c...
compiling lv_objx_templ.c...
compiling lv_canvas.c...
compiling lv_btnmatrix.c...
compiling lv_line.c...
compiling lv_dropdown.c...
compiling lv_img.c...
compiling lv_switch.c...
compiling lv_label.c...
compiling lv_roller.c...
compiling lv_slider.c...
compiling lv_font_chinese_16.c...
compiling lv_table.c...
compiling lv_textarea.c...
compiling lv_font_chinese_24.c...
compiling lv_font_chinese_10.c...
compiling lv_hal_tick.c...
compiling lv_ui.c...
linking...
Program Size: Code=242746 RO-data=75858 RW-data=996 ZI-data=180308  
FromELF: creating hex file...
"..\..\Output\atk_f407.axf" - 0 Error(s), 0 Warning(s).

<h2>Software Packages used:</h2>

Package Vendor: Keil
                https://www.keil.com/pack/Keil.STM32F4xx_DFP.3.1.1.pack
                Keil.STM32F4xx_DFP.3.1.1
                STMicroelectronics STM32F4 Series Device Support

<h2>Collection of Component include folders:</h2>

<h2>Collection of Component Files used:</h2>
Build Time Elapsed:  00:00:14
</pre>
</body>
</html>
